 
****************************************
Report : clocks
Design : System_top
Version: K-2015.06
Date   : Sat Sep  3 20:17:43 2022
****************************************

Attributes:
    d - dont_touch_network
    f - fix_hold
    p - propagated_clock
    G - generated_clock
    g - lib_generated_clock

Clock          Period   Waveform            Attrs     Sources
--------------------------------------------------------------------------------
DIV_CLK       8680.00   {0 4340}            G         {U0_ClkDiv/o_div_clk}
GATED_CLK       20.00   {0 10}              G         {u_CLK_GATE/GATED_CLK}
REF_CLK         20.00   {0 10}              d         {REF_CLK}
UART_CLK      1085.00   {0 542}             d         {UART_CLK}
--------------------------------------------------------------------------------

Generated     Master         Generated      Master         Waveform
Clock         Source         Source         Clock          Modification
--------------------------------------------------------------------------------
DIV_CLK       UART_CLK       {U0_ClkDiv/o_div_clk}
                                            UART_CLK       divide_by(8)
GATED_CLK     REF_CLK        {u_CLK_GATE/GATED_CLK}
                                            REF_CLK        divide_by(1)
--------------------------------------------------------------------------------
1
