Depth  Name                                        #Inst  Area (um^2)
---------------------------------------------------------------------
0      System_top                                  1510   19734.4357 
1      u_RST_1_SYNC                                3      69.4253    
1      u_UART_TX_CLK_MUX2                          1      20.0039    
1      U0_ClkDiv                                   43     487.1538   
1      u_UART                                      257    2932.3364  
1      u_RX_2_SYSCTRL_DATA_SYNC                    23     520.1014   
1      u_RST_SYNC2_MUX2                            1      11.767     
1      u_REF_CLK_MUX2                              1      16.4738    
1      u_RST_2_SYNC                                4      72.9554    
1      u_SYSCTRL_2_TX_DATA_SYNC                    23     520.1014   
1      u_RST_SYNC1_MUX2                            1      11.767     
1      u_CLK_GATE                                  1      57.6583    
1      u_ALU_TOP                                   549    6362.4169  
1      u_RST_MUX2                                  1      11.767     
1      u_REG_FILE                                  400    6509.5044  
1      u_BIT_SYNC                                  2      74.1321    
1      u_SYS_CTRL                                  177    1580.3081  
2      u_ALU_TOP/u_ALU_vld_MUX4x1                  9      51.7748    
2      u_SYS_CTRL/u_FSM_2_SYS_CTRL                 99     830.7502   
2      u_UART/u_UART_RX_top                        198    2263.9708  
2      u_ALU_TOP/U_LOGIC_UNIT                      60     547.1655   
2      u_ALU_TOP/U_ARITHMETIC_UNIT                 354    4733.8641  
2      u_ALU_TOP/u_ALUout_MUX4x1                   46     282.408    
2      u_ALU_TOP/U_SHIFT_UNIT                      36     421.2586   
2      u_SYS_CTRL/u_FSM_1_SYS_CTRL                 78     749.5579   
2      u_ALU_TOP/U_Decoder_Unit                    6      29.4175    
2      u_UART/u_UART_TX_top                        59     668.3656   
2      u_ALU_TOP/U_CMP_UNIT                        30     249.4604   
3      u_UART/u_UART_RX_top/u_STP_CHK              2      10.5903    
3      u_UART/u_UART_TX_top/u_Par_Calc             6      92.9593    
3      u_ALU_TOP/U_ARITHMETIC_UNIT/mult_26         176    2090.9959  
3      u_UART/u_UART_RX_top/u_deserializer         24     350.6566   
3      u_UART/u_UART_RX_top/u_STR_CHK              1      7.0602     
3      u_UART/u_UART_TX_top/u_FSM                  22     198.8623   
3      u_ALU_TOP/U_ARITHMETIC_UNIT/add_24          9      231.8099   
3      u_UART/u_UART_RX_top/u_edge_bit_counter     40     554.2257   
3      u_UART/u_UART_TX_top/u_MUX                  3      23.534     
3      u_UART/u_UART_RX_top/u_PAR_CHK              36     547.1655   
3      u_UART/u_UART_RX_top/u_data_sampler         52     433.0256   
3      u_ALU_TOP/U_ARITHMETIC_UNIT/sub_25          19     267.1109   
3      u_UART/u_UART_TX_top/u_serializer           27     341.243    
3      u_UART/u_UART_RX_top/u_FSM                  43     361.2469   
3      u_ALU_TOP/U_ARITHMETIC_UNIT/div_27          91     1414.3934  
4      u_ALU_TOP/U_ARITHMETIC_UNIT/mult_26/FS_1    26     201.2157   
