*----------------------------------------------------------------------------------------
*	Innovus 15.20-p005_1 (64bit) 11/11/2015 11:16 (Linux 2.6.18-194.el5)
*	
*
* 	Date & Time:	2022-Sep-04 06:39:49 (2022-Sep-03 22:39:49 GMT)
*
*----------------------------------------------------------------------------------------
*
*	Design: System_top
*
*	Liberty Libraries used: 
*	        setup_func_analysis_view: ../std_cells/scmetro_tsmc_cl013g_rvt_ss_1p08v_125c.lib
*
*	Power Domain used: 
*		Rail:        VDD 	Voltage:       1.08 
*
*       Power View : setup_func_analysis_view
*
*       User-Defined Activity : N.A.
*
*       Activity File: N.A.
*
*       Hierarchical Global Activity: N.A.
*
*       Global Activity: N.A.
*
*       Sequential Element Activity: 0.200000
*
*       Primary Input Activity: 0.200000
*
*       Default icg ratio: N.A.
*
*       Global Comb ClockGate Ratio: N.A.
*
*	Power Units = 1mW
*
*	Time Units = 1e-09 secs 
*
*       report_power -outfile report/power.rpt
*
-----------------------------------------------------------------------------------------


Total Power 
-----------------------------------------------------------------------------------------
Total Internal Power:        0.47620220 	   73.4344%
Total Switching Power:       0.15916699 	   24.5449%
Total Leakage Power:         0.01310397 	    2.0207%
Total Power:                 0.64847316 
-----------------------------------------------------------------------------------------


Group                           Internal   Switching     Leakage       Total  Percentage 
                                Power      Power         Power         Power  (%)        
-----------------------------------------------------------------------------------------
Sequential                        0.3281     0.02266    0.004584      0.3553       54.79 
Macro                                  0           0           0           0           0 
IO                                     0           0           0           0           0 
Combinational                    0.08865     0.06907    0.007674      0.1654        25.5 
Clock (Combinational)            0.05243     0.06648   0.0007858      0.1197       18.46 
Clock (Sequential)              0.007052   0.0009605   6.033e-05    0.008073       1.245 
-----------------------------------------------------------------------------------------
Total                             0.4762      0.1592      0.0131      0.6485         100 
-----------------------------------------------------------------------------------------


Rail                  Voltage   Internal   Switching     Leakage       Total  Percentage 
                                Power      Power         Power         Power  (%)        
-----------------------------------------------------------------------------------------
VDD                      1.08     0.4762      0.1592      0.0131      0.6485         100 


Clock                           Internal   Switching     Leakage       Total  Percentage 
                                Power      Power         Power         Power  (%)        
-----------------------------------------------------------------------------------------
DIV_CLK                        6.303e-06   8.795e-06   3.068e-05   4.578e-05    0.007059 
GATED_CLK                       0.004549    0.005904   4.481e-05      0.0105       1.619 
REF_CLK                          0.05474     0.06139   0.0006295      0.1168          18 
UART_CLK                       0.0001887   0.0001384   0.0001411   0.0004682      0.0722 
-----------------------------------------------------------------------------------------
Total (excluding duplicates)     0.05948     0.06744   0.0008461      0.1278        19.7 
-----------------------------------------------------------------------------------------


-----------------------------------------------------------------------------------------
*	Power Distribution Summary: 
* 		Highest Average Power:          REF_CLK_M__L4_I0 (CLKINVX40M): 	   0.02033 
* 		Highest Leakage Power:      FE_OFC46_RST_SYNC1_M (BUFX32M): 	 7.186e-05 
* 		Total Cap: 	2.11668e-11 F
* 		Total instances in design:  1510
* 		Total instances in design with no power:     6
*          Total instances in design with no activity:     6
* 		Total Fillers and Decap:     0
-----------------------------------------------------------------------------------------

